  Status: OK.
  Number of classes being specified: 0
->generate_java_code

->add_class("Account")
  Status: OK.
  Number of classes being specified: 1
    Account
      Number of attributes: 0
      Number of queries: 0
      Number of commands: 0
->generate_java_code
  class Account {
  }
->add_attribute("Account","balance","INTEGER")
  Status: OK.
  Number of classes being specified: 1
    Account
      Number of attributes: 1
        + balance: INTEGER
      Number of queries: 0
      Number of commands: 0
->generate_java_code
  class Account {
    int balance;
  }
->add_command("Account","set_balance",<<["new_balance", "INTEGER"]>>)
  Status: OK.
  Number of classes being specified: 1
    Account
      Number of attributes: 1
        + balance: INTEGER
      Number of queries: 0
      Number of commands: 1
        + set_balance(INTEGER)
->generate_java_code
  class Account {
    int balance;
    void set_balance(int new_balance) {
    }
  }
->add_query("Account","get_balance",<<>>,"INTEGER")
  Status: OK.
  Number of classes being specified: 1
    Account
      Number of attributes: 1
        + balance: INTEGER
      Number of queries: 1
        + get_balance: INTEGER
      Number of commands: 1
        + set_balance(INTEGER)
->generate_java_code
  class Account {
    int balance;
    void set_balance(int new_balance) {
    }
    int get_balance() {
      int Result = 0;
      return Result;
    }
  }
->add_assignment_instruction("Account","set_balance","balance")
  Status: OK.
  Number of classes being specified: 1
    Account
      Number of attributes: 1
        + balance: INTEGER
      Number of queries: 1
        + get_balance: INTEGER
      Number of commands: 1
        + set_balance(INTEGER)
  Routine currently being implemented: {Account}.set_balance
  Assignment being specified: balance := ?
->generate_java_code
  class Account {
    int balance;
    void set_balance(int new_balance) {
      balance = ?;
    }
    int get_balance() {
      int Result = 0;
      return Result;
    }
  }
->add_call_chain(<<"new_balance">>)
  Status: OK.
  Number of classes being specified: 1
    Account
      Number of attributes: 1
        + balance: INTEGER
      Number of queries: 1
        + get_balance: INTEGER
      Number of commands: 1
        + set_balance(INTEGER)
->generate_java_code
  class Account {
    int balance;
    void set_balance(int new_balance) {
      balance = new_balance;
    }
    int get_balance() {
      int Result = 0;
      return Result;
    }
  }
->add_assignment_instruction("Account","get_balance","Result")
  Status: OK.
  Number of classes being specified: 1
    Account
      Number of attributes: 1
        + balance: INTEGER
      Number of queries: 1
        + get_balance: INTEGER
      Number of commands: 1
        + set_balance(INTEGER)
  Routine currently being implemented: {Account}.get_balance
  Assignment being specified: Result := ?
->generate_java_code
  class Account {
    int balance;
    void set_balance(int new_balance) {
      balance = new_balance;
    }
    int get_balance() {
      int Result = 0;
      Result = ?;
      return Result;
    }
  }
->add_call_chain(<<"balance">>)
  Status: OK.
  Number of classes being specified: 1
    Account
      Number of attributes: 1
        + balance: INTEGER
      Number of queries: 1
        + get_balance: INTEGER
      Number of commands: 1
        + set_balance(INTEGER)
->generate_java_code
  class Account {
    int balance;
    void set_balance(int new_balance) {
      balance = new_balance;
    }
    int get_balance() {
      int Result = 0;
      Result = balance;
      return Result;
    }
  }
