  Expression currently specified: ?
  Report: Expression is initialized.
->add_generalized_and
  Expression currently specified: (&& ?)
  Report: OK.
->end_set_enumeration
  Expression currently specified: (&& ?)
  Report: Error (Set enumeration is not being specified).
->add_boolean_constant(True)
  Expression currently specified: (&& True)
  Report: OK.
->type_check
  Expression currently specified: (&& True)
  Report: (&& True) is not type-correct.
->evaluate
  Expression currently specified: (&& True)
  Report: Error (Expression is not type-correct).
->reset
  Expression currently specified: ?
  Report: OK.
->start_set_enumeration
  Expression currently specified: {?}
  Report: OK.
->end_set_enumeration
  Expression currently specified: {?}
  Report: Error: (Set enumeration must be non-empty).
->type_check
  Expression currently specified: {?}
  Report: Error (Expression is not yet fully specified).
->evaluate
  Expression currently specified: {?}
  Report: Error (Expression is not yet fully specified).
